// Jest Snapshot v1, https://goo.gl/fbAQLP

exports[`curd-construct 1`] = `
Object {
  "Parameters": Object {
    "AssetParameters5e6cc11d6fc5f756318c4da51204aaf93387247aa3c7af747583284c41a84565ArtifactHashF8724CB9": Object {
      "Description": "Artifact hash for asset \\"5e6cc11d6fc5f756318c4da51204aaf93387247aa3c7af747583284c41a84565\\"",
      "Type": "String",
    },
    "AssetParameters5e6cc11d6fc5f756318c4da51204aaf93387247aa3c7af747583284c41a84565S3Bucket00F98B11": Object {
      "Description": "S3 bucket for asset \\"5e6cc11d6fc5f756318c4da51204aaf93387247aa3c7af747583284c41a84565\\"",
      "Type": "String",
    },
    "AssetParameters5e6cc11d6fc5f756318c4da51204aaf93387247aa3c7af747583284c41a84565S3VersionKey3DE3FA9D": Object {
      "Description": "S3 key for asset version \\"5e6cc11d6fc5f756318c4da51204aaf93387247aa3c7af747583284c41a84565\\"",
      "Type": "String",
    },
    "AssetParameters958462d32024951aff726d39d4968c6323b0897f175df8d4f2d097b05209cac7ArtifactHash9F415277": Object {
      "Description": "Artifact hash for asset \\"958462d32024951aff726d39d4968c6323b0897f175df8d4f2d097b05209cac7\\"",
      "Type": "String",
    },
    "AssetParameters958462d32024951aff726d39d4968c6323b0897f175df8d4f2d097b05209cac7S3BucketF90A5F2A": Object {
      "Description": "S3 bucket for asset \\"958462d32024951aff726d39d4968c6323b0897f175df8d4f2d097b05209cac7\\"",
      "Type": "String",
    },
    "AssetParameters958462d32024951aff726d39d4968c6323b0897f175df8d4f2d097b05209cac7S3VersionKey789B059F": Object {
      "Description": "S3 key for asset version \\"958462d32024951aff726d39d4968c6323b0897f175df8d4f2d097b05209cac7\\"",
      "Type": "String",
    },
    "AssetParameterse4071692f63cf9a43d30bb4623ac709dd72aca760c602359b89ac2fd3ece90daArtifactHash327F0BEE": Object {
      "Description": "Artifact hash for asset \\"e4071692f63cf9a43d30bb4623ac709dd72aca760c602359b89ac2fd3ece90da\\"",
      "Type": "String",
    },
    "AssetParameterse4071692f63cf9a43d30bb4623ac709dd72aca760c602359b89ac2fd3ece90daS3Bucket611694C2": Object {
      "Description": "S3 bucket for asset \\"e4071692f63cf9a43d30bb4623ac709dd72aca760c602359b89ac2fd3ece90da\\"",
      "Type": "String",
    },
    "AssetParameterse4071692f63cf9a43d30bb4623ac709dd72aca760c602359b89ac2fd3ece90daS3VersionKey54C309E7": Object {
      "Description": "S3 key for asset version \\"e4071692f63cf9a43d30bb4623ac709dd72aca760c602359b89ac2fd3ece90da\\"",
      "Type": "String",
    },
    "AssetParametersefb75661c75bed49d13dab001dc7f7676c4bdb92e40b443538f6d1a63d74ca23ArtifactHash71C6A1FF": Object {
      "Description": "Artifact hash for asset \\"efb75661c75bed49d13dab001dc7f7676c4bdb92e40b443538f6d1a63d74ca23\\"",
      "Type": "String",
    },
    "AssetParametersefb75661c75bed49d13dab001dc7f7676c4bdb92e40b443538f6d1a63d74ca23S3Bucket049FFAA5": Object {
      "Description": "S3 bucket for asset \\"efb75661c75bed49d13dab001dc7f7676c4bdb92e40b443538f6d1a63d74ca23\\"",
      "Type": "String",
    },
    "AssetParametersefb75661c75bed49d13dab001dc7f7676c4bdb92e40b443538f6d1a63d74ca23S3VersionKey92E97921": Object {
      "Description": "S3 key for asset version \\"efb75661c75bed49d13dab001dc7f7676c4bdb92e40b443538f6d1a63d74ca23\\"",
      "Type": "String",
    },
    "AssetParametersf58bc90eb68df3f67189b858e14016cf78de5650c1b169b272646808ff05eeabArtifactHashBDCB63B8": Object {
      "Description": "Artifact hash for asset \\"f58bc90eb68df3f67189b858e14016cf78de5650c1b169b272646808ff05eeab\\"",
      "Type": "String",
    },
    "AssetParametersf58bc90eb68df3f67189b858e14016cf78de5650c1b169b272646808ff05eeabS3Bucket0558EA48": Object {
      "Description": "S3 bucket for asset \\"f58bc90eb68df3f67189b858e14016cf78de5650c1b169b272646808ff05eeab\\"",
      "Type": "String",
    },
    "AssetParametersf58bc90eb68df3f67189b858e14016cf78de5650c1b169b272646808ff05eeabS3VersionKey0CCB65A8": Object {
      "Description": "S3 key for asset version \\"f58bc90eb68df3f67189b858e14016cf78de5650c1b169b272646808ff05eeab\\"",
      "Type": "String",
    },
  },
  "Resources": Object {
    "CURDConsturctcreateItemFunction216B2712": Object {
      "DependsOn": Array [
        "IAMFunctionRole12477571",
      ],
      "Properties": Object {
        "Code": Object {
          "S3Bucket": Object {
            "Ref": "AssetParameters5e6cc11d6fc5f756318c4da51204aaf93387247aa3c7af747583284c41a84565S3Bucket00F98B11",
          },
          "S3Key": Object {
            "Fn::Join": Array [
              "",
              Array [
                Object {
                  "Fn::Select": Array [
                    0,
                    Object {
                      "Fn::Split": Array [
                        "||",
                        Object {
                          "Ref": "AssetParameters5e6cc11d6fc5f756318c4da51204aaf93387247aa3c7af747583284c41a84565S3VersionKey3DE3FA9D",
                        },
                      ],
                    },
                  ],
                },
                Object {
                  "Fn::Select": Array [
                    1,
                    Object {
                      "Fn::Split": Array [
                        "||",
                        Object {
                          "Ref": "AssetParameters5e6cc11d6fc5f756318c4da51204aaf93387247aa3c7af747583284c41a84565S3VersionKey3DE3FA9D",
                        },
                      ],
                    },
                  ],
                },
              ],
            ],
          },
        },
        "Environment": Object {
          "Variables": Object {
            "AWS_NODEJS_CONNECTION_REUSE_ENABLED": "1",
            "PRIMARY_KEY": "itemId",
            "TABLE_NAME": Object {
              "Ref": "testtableB6F02C77",
            },
          },
        },
        "Handler": "index.handler",
        "Role": Object {
          "Fn::GetAtt": Array [
            "IAMFunctionRole12477571",
            "Arn",
          ],
        },
        "Runtime": "nodejs14.x",
      },
      "Type": "AWS::Lambda::Function",
    },
    "CURDConsturctdeleteItemFunctionCD4C0122": Object {
      "DependsOn": Array [
        "IAMFunctionRole12477571",
      ],
      "Properties": Object {
        "Code": Object {
          "S3Bucket": Object {
            "Ref": "AssetParametersf58bc90eb68df3f67189b858e14016cf78de5650c1b169b272646808ff05eeabS3Bucket0558EA48",
          },
          "S3Key": Object {
            "Fn::Join": Array [
              "",
              Array [
                Object {
                  "Fn::Select": Array [
                    0,
                    Object {
                      "Fn::Split": Array [
                        "||",
                        Object {
                          "Ref": "AssetParametersf58bc90eb68df3f67189b858e14016cf78de5650c1b169b272646808ff05eeabS3VersionKey0CCB65A8",
                        },
                      ],
                    },
                  ],
                },
                Object {
                  "Fn::Select": Array [
                    1,
                    Object {
                      "Fn::Split": Array [
                        "||",
                        Object {
                          "Ref": "AssetParametersf58bc90eb68df3f67189b858e14016cf78de5650c1b169b272646808ff05eeabS3VersionKey0CCB65A8",
                        },
                      ],
                    },
                  ],
                },
              ],
            ],
          },
        },
        "Environment": Object {
          "Variables": Object {
            "AWS_NODEJS_CONNECTION_REUSE_ENABLED": "1",
            "PRIMARY_KEY": "itemId",
            "TABLE_NAME": Object {
              "Ref": "testtableB6F02C77",
            },
          },
        },
        "Handler": "index.handler",
        "Role": Object {
          "Fn::GetAtt": Array [
            "IAMFunctionRole12477571",
            "Arn",
          ],
        },
        "Runtime": "nodejs14.x",
      },
      "Type": "AWS::Lambda::Function",
    },
    "CURDConsturctgetAllItemsFunction7EDB612C": Object {
      "DependsOn": Array [
        "IAMFunctionRole12477571",
      ],
      "Properties": Object {
        "Code": Object {
          "S3Bucket": Object {
            "Ref": "AssetParameters958462d32024951aff726d39d4968c6323b0897f175df8d4f2d097b05209cac7S3BucketF90A5F2A",
          },
          "S3Key": Object {
            "Fn::Join": Array [
              "",
              Array [
                Object {
                  "Fn::Select": Array [
                    0,
                    Object {
                      "Fn::Split": Array [
                        "||",
                        Object {
                          "Ref": "AssetParameters958462d32024951aff726d39d4968c6323b0897f175df8d4f2d097b05209cac7S3VersionKey789B059F",
                        },
                      ],
                    },
                  ],
                },
                Object {
                  "Fn::Select": Array [
                    1,
                    Object {
                      "Fn::Split": Array [
                        "||",
                        Object {
                          "Ref": "AssetParameters958462d32024951aff726d39d4968c6323b0897f175df8d4f2d097b05209cac7S3VersionKey789B059F",
                        },
                      ],
                    },
                  ],
                },
              ],
            ],
          },
        },
        "Environment": Object {
          "Variables": Object {
            "AWS_NODEJS_CONNECTION_REUSE_ENABLED": "1",
            "PRIMARY_KEY": "itemId",
            "TABLE_NAME": Object {
              "Ref": "testtableB6F02C77",
            },
          },
        },
        "Handler": "index.handler",
        "Role": Object {
          "Fn::GetAtt": Array [
            "IAMFunctionRole12477571",
            "Arn",
          ],
        },
        "Runtime": "nodejs14.x",
      },
      "Type": "AWS::Lambda::Function",
    },
    "CURDConsturctgetOneItemFunction07B0C44A": Object {
      "DependsOn": Array [
        "IAMFunctionRole12477571",
      ],
      "Properties": Object {
        "Code": Object {
          "S3Bucket": Object {
            "Ref": "AssetParameterse4071692f63cf9a43d30bb4623ac709dd72aca760c602359b89ac2fd3ece90daS3Bucket611694C2",
          },
          "S3Key": Object {
            "Fn::Join": Array [
              "",
              Array [
                Object {
                  "Fn::Select": Array [
                    0,
                    Object {
                      "Fn::Split": Array [
                        "||",
                        Object {
                          "Ref": "AssetParameterse4071692f63cf9a43d30bb4623ac709dd72aca760c602359b89ac2fd3ece90daS3VersionKey54C309E7",
                        },
                      ],
                    },
                  ],
                },
                Object {
                  "Fn::Select": Array [
                    1,
                    Object {
                      "Fn::Split": Array [
                        "||",
                        Object {
                          "Ref": "AssetParameterse4071692f63cf9a43d30bb4623ac709dd72aca760c602359b89ac2fd3ece90daS3VersionKey54C309E7",
                        },
                      ],
                    },
                  ],
                },
              ],
            ],
          },
        },
        "Environment": Object {
          "Variables": Object {
            "AWS_NODEJS_CONNECTION_REUSE_ENABLED": "1",
            "PRIMARY_KEY": "itemId",
            "TABLE_NAME": Object {
              "Ref": "testtableB6F02C77",
            },
          },
        },
        "Handler": "index.handler",
        "Role": Object {
          "Fn::GetAtt": Array [
            "IAMFunctionRole12477571",
            "Arn",
          ],
        },
        "Runtime": "nodejs14.x",
      },
      "Type": "AWS::Lambda::Function",
    },
    "CURDConsturctupdateItemFunctionE26FAD21": Object {
      "DependsOn": Array [
        "IAMFunctionRole12477571",
      ],
      "Properties": Object {
        "Code": Object {
          "S3Bucket": Object {
            "Ref": "AssetParametersefb75661c75bed49d13dab001dc7f7676c4bdb92e40b443538f6d1a63d74ca23S3Bucket049FFAA5",
          },
          "S3Key": Object {
            "Fn::Join": Array [
              "",
              Array [
                Object {
                  "Fn::Select": Array [
                    0,
                    Object {
                      "Fn::Split": Array [
                        "||",
                        Object {
                          "Ref": "AssetParametersefb75661c75bed49d13dab001dc7f7676c4bdb92e40b443538f6d1a63d74ca23S3VersionKey92E97921",
                        },
                      ],
                    },
                  ],
                },
                Object {
                  "Fn::Select": Array [
                    1,
                    Object {
                      "Fn::Split": Array [
                        "||",
                        Object {
                          "Ref": "AssetParametersefb75661c75bed49d13dab001dc7f7676c4bdb92e40b443538f6d1a63d74ca23S3VersionKey92E97921",
                        },
                      ],
                    },
                  ],
                },
              ],
            ],
          },
        },
        "Environment": Object {
          "Variables": Object {
            "AWS_NODEJS_CONNECTION_REUSE_ENABLED": "1",
            "PRIMARY_KEY": "itemId",
            "TABLE_NAME": Object {
              "Ref": "testtableB6F02C77",
            },
          },
        },
        "Handler": "index.handler",
        "Role": Object {
          "Fn::GetAtt": Array [
            "IAMFunctionRole12477571",
            "Arn",
          ],
        },
        "Runtime": "nodejs14.x",
      },
      "Type": "AWS::Lambda::Function",
    },
    "IAMFunctionRole12477571": Object {
      "Properties": Object {
        "AssumeRolePolicyDocument": Object {
          "Statement": Array [
            Object {
              "Action": "sts:AssumeRole",
              "Effect": "Allow",
              "Principal": Object {
                "Service": "lambda.amazonaws.com",
              },
            },
          ],
          "Version": "2012-10-17",
        },
      },
      "Type": "AWS::IAM::Role",
    },
    "testtableB6F02C77": Object {
      "DeletionPolicy": "Retain",
      "Properties": Object {
        "AttributeDefinitions": Array [
          Object {
            "AttributeName": "items",
            "AttributeType": "S",
          },
        ],
        "KeySchema": Array [
          Object {
            "AttributeName": "items",
            "KeyType": "HASH",
          },
        ],
        "ProvisionedThroughput": Object {
          "ReadCapacityUnits": 5,
          "WriteCapacityUnits": 5,
        },
      },
      "Type": "AWS::DynamoDB::Table",
      "UpdateReplacePolicy": "Retain",
    },
  },
}
`;
